I'm sorry, but errors were detected in your script. Please correct the
errors listed below, and try again.


File "game/script.rpy", line 138: end of line expected.
    show Goth_1.jpg
               ^

Ren'Py Version: Ren'Py 8.1.3.23091805
Fri Dec  1 13:12:31 2023
